



















*** Start of file reactiveopf.run : Wed Jun 21 17:41:35 2023

*** Reading algorithmic controls and parameters in file
PARAM_ALGO_VALUES [*] :=
objective_choice  0
;

Parameter: choice for objective function := 0 (active power minimization)
Parameter: coeff_alpha to choose wether generation vary homogeneously (coeff_alpha=1) or independantly (coeff_alpha=0) is := 1.00
Parameter: threshold to decide wether an active or reactive power value is zero Pnull:=0.01 (MW or Mvar or MVA)
Parameter: threshold to detect zero impedance branch Znull:=0.0001 pu
Parameter: for consistency checks of minimum nominal voltages epsilon_nominal_voltage:= 1 kV
Parameter: for consistency checks of voltage bounds eps<=Vmin<Vmax<=2-eps, epsilon_min_voltage:= 0.5 pu
Parameter: maximum for generating units' parameters Pmin Pmax Qmin Qmax = 9000 MW or Mvar
Parameter: defaultPmax = 1000 MW
Parameter: defaultPmin = 0 MW
Parameter: defaultQmaxPmaxRatio = 0.3 Mvar/MW
Parameter: defaultQmin = -300 Mvar
Parameter: defaultQmax = 300 Mvar
Parameter: minimalQPrange = 1 MW or Mvar

Computation of bus with largest number of branches connected, in order to fix phase to 0 and to choose on which connex component reacive OPF will run
Bus 1kV with most branches: 5 in substation b5_vl/b5_vl with 3 connected branches

*** Connexity computation
# CCcomp solve: start (Wed Jun 21 17:41:35 2023)

Artelys Knitro 13.1.0: 
=======================================
             Trial License
       (NOT FOR COMMERCIAL USE)
         Artelys Knitro 13.1.0
=======================================

No start point provided -- Knitro computing one.

Knitro presolve eliminated 5 variables and 8 constraints.

concurrent_evals:        0
datacheck:               0
hessian_no_f:            1
The problem is identified as an LP.
The problem is identified as bound constrained only.
Knitro fixing 5 variables eliminated from the presolve.

Problem Characteristics                                 (   Presolved)
-----------------------
Objective goal:  Maximize
Objective type:  linear
Number of variables:                                  6 (           1)
    bounded below only:                               0 (           0)
    bounded above only:                               0 (           0)
    bounded below and above:                          6 (           0)
    fixed:                                            0 (           1)
    free:                                             0 (           0)
Number of constraints:                                8 (           0)
    linear equalities:                                8 (           0)
    quadratic equalities:                             0 (           0)
    gen. nonlinear equalities:                        0 (           0)
    linear one-sided inequalities:                    0 (           0)
    quadratic one-sided inequalities:                 0 (           0)
    gen. nonlinear one-sided inequalities:            0 (           0)
    linear two-sided inequalities:                    0 (           0)
    quadratic two-sided inequalities:                 0 (           0)
    gen. nonlinear two-sided inequalities:            0 (           0)
Number of nonzeros in Jacobian:                      15 (           0)
Number of nonzeros in Hessian:                        0 (           0)

WARNING: Problem has more equality constraints than variables.

Knitro using the Interior-Point/Barrier Direct algorithm.

  Iter      Objective      FeasError   OptError    ||Step||    CGits 
--------  --------------  ----------  ----------  ----------  -------
       0    0.000000e+00   0.000e+00

EXIT: Optimal solution found.

Final Statistics
----------------
Final objective value               =   0.00000000000000e+00
Final feasibility error (abs / rel) =   0.00e+00 / 0.00e+00
Final optimality error  (abs / rel) =   9.99e-16 / 9.99e-16
# of iterations                     =          0 
# of CG iterations                  =          0 
# of function evaluations           =          0
# of gradient evaluations           =          0
# of Hessian evaluations            =          0
Total program time (secs)           =       0.012 (     0.000 CPU time)
Time spent in evaluations (secs)    =       0.000

===============================================================================

Knitro 13.1.0: Locally optimal or satisfactory solution.
objective 0; feasibility error 0
0 iterations; 0 function evaluations

suffix feaserror OUT;
suffix opterror OUT;
suffix numfcevals OUT;
suffix numiters OUT;
# CCcomp solve: end   (Wed Jun 21 17:41:35 2023 -> Wed Jun 21 17:41:35 2023)


*** Connexity computation
Nb of busses in AC+DC CC: 6
Nb of busses in CC 'b5_vl_0': 6
Nb of busses in other CCs: 0

maximal_voltage_upper_bound = 1.5
minimal_voltage_lower_bound = 0.5
card(SUBSTATIONS) = 6
card(BUS) = 6
card(BUS2) = 6
card(BUSCC) = 6
card(BUS2 diff BUSCC) = 0
card(BUSVV) = 0
card(BUSCC_SLACK) = 0
card(BUSCC diff BUSCC_SLACK) = 6
card(BRANCH) = 7
card(BRANCHCC) = 7
card(BRANCHZNULL) = 0
card(BRANCHCC diff BRANCHZNULL) = 7
card(UNIT) = 4
card(UNITCC) = 4
card(UNITON) = 4
card(UNITON diff UNIT_FIXQ) = 4
card(UNIT_FIXQ) = 0
card(LOAD) = 1
card(LOADCC) = 1
card(SHUNTCC) = 0
card(SHUNT_FIX) = 0
card(SHUNT_VAR) = 0
card(SVC) = 0
card(SVCCC) = 0
card(SVCON) = 0
card(VSCCONV) = 2
card(VSCCONVON) = 2
card(LCCCONV) = 0
card(LCCCONVON) = 0

HVDC injections (homogeneous to loads):
VSC converter 'cs3' in 'b3_vl': P0=0.0MW is fixed, Q is variable
VSC converter 'cs4' in 'b4_vl': P0=0.0MW is fixed, Q is variable
Sum of HVDC conv.  H: 0 MW
Sum of loads       C: 4 MW
Sum of generations P: 4 MW
  (including batteries for 0.0 MW
Balance    (P-C-H)/C: 0.00 %    (global_initial_losses_ratio=0.000000)

Branch 'l12' Fmax=173.20MW is small ; Vnom1=1kV Vnom2=1kV patl1=-99999A patl2=-99999A (Fmax not used, this is just for information)
Branch 'l13' Fmax=173.20MW is small ; Vnom1=1kV Vnom2=1kV patl1=-99999A patl2=-99999A (Fmax not used, this is just for information)
Branch 'l23' Fmax=173.20MW is small ; Vnom1=1kV Vnom2=1kV patl1=-99999A patl2=-99999A (Fmax not used, this is just for information)
Branch 'l45' Fmax=173.20MW is small ; Vnom1=1kV Vnom2=1kV patl1=-99999A patl2=-99999A (Fmax not used, this is just for information)
Branch 'l46' Fmax=173.20MW is small ; Vnom1=1kV Vnom2=1kV patl1=-99999A patl2=-99999A (Fmax not used, this is just for information)
Branch 'l56' Fmax=173.20MW is small ; Vnom1=1kV Vnom2=1kV patl1=-99999A patl2=-99999A (Fmax not used, this is just for information)
Branch 'l25' Fmax=173.20MW is small ; Vnom1=1kV Vnom2=1kV patl1=-99999A patl2=-99999A (Fmax not used, this is just for information)
If voltage lower bounds are missing or too small, they are set to 0.500pu
If voltage upper bounds are missing or too high,  they are set to 1.500pu
Maximal diameter of voltage interval: 1.000
Minimal diameter of voltage interval: 1.000
Minimal transformer ratio : Infinity
Maximal transformer ratio : -Infinity


Raw extremal values: 0 <= 'unit_Pmin' <= 0
Active generation:   1 <= 'unit_Pc' <= 1
Raw extremal values: 1 <= 'unit_Pmax' <= 1
Raw extremal values: -1.79769e+308 <= 'unit_qP' <= -1.79769e+308
Raw extremal values: -1.79769e+308 <= 'unit_qp' <= -1.79769e+308
Raw extremal values: 1.79769e+308 <= 'unit_QP' <= 1.79769e+308
Raw extremal values: 1.79769e+308 <= 'unit_Qp' <= 1.79769e+308
Corrected extremal values: 1 <= 'corrected_unit_Pmin' <= 1
Corrected extremal values: 1 <= 'corrected_unit_Pmax' <= 1
Corrected extremal values: 0 <= 'corrected_unit_qP' <= 0
Corrected extremal values: 0 <= 'corrected_unit_qp' <= 0
Corrected extremal values: 0 <= 'corrected_unit_QP' <= 0
Corrected extremal values: 0 <= 'corrected_unit_Qp' <= 0

######################################################################
# DCopf solve: start (Wed Jun 21 17:41:35 2023)

Artelys Knitro 13.1.0: 
=======================================
             Trial License
       (NOT FOR COMMERCIAL USE)
         Artelys Knitro 13.1.0
=======================================

No start point provided -- Knitro computing one.

Knitro presolve eliminated 0 variables and 0 constraints.

concurrent_evals:        0
datacheck:               0
hessian_no_f:            1
The problem is identified as a convex QP.

Problem Characteristics                                 (   Presolved)
-----------------------
Objective goal:  Minimize
Objective type:  quadratic
Number of variables:                                 28 (          28)
    bounded below only:                              12 (          12)
    bounded above only:                               0 (           0)
    bounded below and above:                          5 (           5)
    fixed:                                            0 (           0)
    free:                                            11 (          11)
Number of constraints:                               13 (          13)
    linear equalities:                               13 (          13)
    quadratic equalities:                             0 (           0)
    gen. nonlinear equalities:                        0 (           0)
    linear one-sided inequalities:                    0 (           0)
    quadratic one-sided inequalities:                 0 (           0)
    gen. nonlinear one-sided inequalities:            0 (           0)
    linear two-sided inequalities:                    0 (           0)
    quadratic two-sided inequalities:                 0 (           0)
    gen. nonlinear two-sided inequalities:            0 (           0)
Number of nonzeros in Jacobian:                      48 (          48)
Number of nonzeros in Hessian:                        4 (           4)

Knitro using the Interior-Point/Barrier Direct algorithm.

  Iter      Objective      FeasError   OptError    ||Step||    CGits 
--------  --------------  ----------  ----------  ----------  -------
       0    1.758591e+04   8.842e+00
       4    1.206039e-04   4.852e-08   1.354e-08   1.861e-04        0

EXIT: Optimal solution found.

Final Statistics
----------------
Final objective value               =   1.20603908133177e-04
Final feasibility error (abs / rel) =   4.85e-08 / 5.49e-09
Final optimality error  (abs / rel) =   1.35e-08 / 1.35e-10
# of iterations                     =          4 
# of CG iterations                  =          0 
# of function evaluations           =          0
# of gradient evaluations           =          0
# of Hessian evaluations            =          0
Total program time (secs)           =       0.004 (     0.000 CPU time)
Time spent in evaluations (secs)    =       0.000

===============================================================================

Knitro 13.1.0: Locally optimal or satisfactory solution.
objective 0.0001206039081; feasibility error 4.85e-08
4 iterations; 0 function evaluations

# DCopf solve: end   (Wed Jun 21 17:41:35 2023 -> Wed Jun 21 17:41:35 2023)
######################################################################

OK all slack variables for DCOPF are null
Maximum flow: 2.00 MW
Maximum flow -2.00 MW is on branch 'l25'
Maximum deviation between generation and target: 0.00 MW
Sum of HVDC conv.  H: 0 MW
Sum of loads       C: 4 MW
Sum of generations P: 4 MW
Balance    (P-C-H)/C: 0.00 %

teta_max = 3.06667
teta_min = -3.2
max({n in BUSCC} (teta_dc[n])) = 0.0666667
min({n in BUSCC} (teta_dc[n])) = -0.2
max({(qq,m,n) in BRANCHCC} (teta_dc[m] - teta_dc[n])) = 0.0666667
min({(qq,m,n) in BRANCHCC} (teta_dc[m] - teta_dc[n])) = -0.2

Branches with large Delta Teta:
'l12' R=0.0000 X=10.0000 delta=0.07 teta_m=-0.13 teta_n=-0.20 F=0.67
'l25' R=0.0000 X=10.0000 delta=-0.20 teta_m=-0.20 teta_n=0.00 F=-2.00

######################################################################
# ACopf solve: start (Wed Jun 21 17:41:35 2023)

Artelys Knitro 13.1.0: opttol=1
opttolabs=1e-1
feastol=1
feastolabs=1e-3
maxit=200
Warning: Knitro-AMPL lower bound on variable 11 is finite (-1.797690e+308) and <= -bndrange.
         Knitro will treat this bound as infinite. Increase bndrange to treat as finite.
Warning: Knitro-AMPL upper bound on variable 11 is finite (1.797690e+308) and >= bndrange.
         Knitro will treat this bound as infinite. Increase bndrange to treat as finite.
Warning: Knitro-AMPL lower bound on variable 12 is finite (-1.797690e+308) and <= -bndrange.
         Knitro will treat this bound as infinite. Increase bndrange to treat as finite.
Warning: Knitro-AMPL upper bound on variable 12 is finite (1.797690e+308) and >= bndrange.
         Knitro will treat this bound as infinite. Increase bndrange to treat as finite.

=======================================
             Trial License
       (NOT FOR COMMERCIAL USE)
         Artelys Knitro 13.1.0
=======================================

Knitro presolve eliminated 2 variables and 2 constraints.

concurrent_evals:        0
datacheck:               0
feastol:                 1
hessian_no_f:            1
maxit:                   200
opttol:                  1
opttol_abs:              0.1
Knitro reinitializing 2 variables eliminated from the presolve.

Problem Characteristics                                 (   Presolved)
-----------------------
Objective goal:  Minimize
Objective type:  quadratic
Number of variables:                                 13 (          11)
    bounded below only:                               0 (           0)
    bounded above only:                               0 (           0)
    bounded below and above:                         11 (          11)
    fixed:                                            0 (           0)
    free:                                             2 (           0)
Number of constraints:                               12 (          10)
    linear equalities:                                0 (           0)
    quadratic equalities:                             0 (           0)
    gen. nonlinear equalities:                       12 (          10)
    linear one-sided inequalities:                    0 (           0)
    quadratic one-sided inequalities:                 0 (           0)
    gen. nonlinear one-sided inequalities:            0 (           0)
    linear two-sided inequalities:                    0 (           0)
    quadratic two-sided inequalities:                 0 (           0)
    gen. nonlinear two-sided inequalities:            0 (           0)
Number of nonzeros in Jacobian:                      74 (          61)
Number of nonzeros in Hessian:                       38 (          38)

Knitro using the Interior-Point/Barrier Direct algorithm.

  Iter      Objective      FeasError   OptError    ||Step||    CGits 
--------  --------------  ----------  ----------  ----------  -------
       0    4.194400e+00   2.047e+00
       6    4.069269e+00   1.567e-04   2.044e-05   2.166e-02        0

EXIT: Locally optimal solution found.

Final Statistics
----------------
Final objective value               =   4.06926934946049e+00
Final feasibility error (abs / rel) =   1.57e-04 / 7.66e-05
Final optimality error  (abs / rel) =   2.04e-05 / 2.04e-05
# of iterations                     =          6 
# of CG iterations                  =          0 
# of function evaluations           =          7
# of gradient evaluations           =          7
# of Hessian evaluations            =          6
Total program time (secs)           =       0.005 (     0.000 CPU time)
Time spent in evaluations (secs)    =       0.000

===============================================================================

Knitro 13.1.0: Locally optimal or satisfactory solution.
objective 4.069269349; feasibility error 0.000157
6 iterations; 7 function evaluations

# ACopf solve: end   (Wed Jun 21 17:41:35 2023 -> Wed Jun 21 17:41:35 2023)
######################################################################

nb_iter_last = 6
nb_iter_total = 6
max({(qq,m,n) in BRANCHCC} (branch_R[1,qq,m,n])) = 0
max({(qq,m,n) in BRANCHCC} (branch_X[1,qq,m,n])) = 10
teta_max = 3.06667
max({n in BUSCC} (teta[n])) = 0.220226
max({n in BUSCC} (teta_dc[n])) = 0.0666667
teta_min = -3.2
min({n in BUSCC} (teta[n])) = -0.927212
min({n in BUSCC} (teta_dc[n])) = -0.2
max({(qq,m,n) in BRANCHCC} (teta[m] - teta[n])) = 0.220225
max({(qq,m,n) in BRANCHCC} (teta_dc[m] - teta_dc[n])) = 0.0666667
min({(qq,m,n) in BRANCHCC} (teta[m] - teta[n])) = -0.927212
min({(qq,m,n) in BRANCHCC} (teta_dc[m] - teta_dc[n])) = -0.2
min({n in BUSCC} (V[n])) = 0.500001
max({n in BUSCC} (V[n])) = 0.650587

'l12' R=0.000 X=10.000 delta=0.22 Vm=0.568 -0.71 Vn=0.500 -0.93 P1=0.6 Q1=0.5 P2=-0.7 Q2=-0.3 
'l25' R=0.000 X=10.000 delta=-0.93 Vm=0.500 -0.93 Vn=0.500 0.00 P1=-2.0 Q1=1.0 P2=2.0 Q2=1.0 

*** End of file reactiveopf.run : Optimization successfull
*** Start of file reactiveopf.run : 'Wed Jun 21 17:41:35 2023'
*** End   of file reactiveopf.run : 'Wed Jun 21 17:41:35 2023'
